// Jest Snapshot v1, https://goo.gl/fbAQLP

exports[`Hello renders the expected items 1`] = `
<DocumentFragment>
  <div
    class="hello-container"
  >
    <div>
      <div
        class="intro"
      >
        <p
          class="intro-message"
        >
          UP FOR A 
          <br />
          ROADIE?
        </p>
      </div>
      <div
        class="name-q"
      >
        <h3>
          WHAT'S YOUR NAME?
        </h3>
      </div>
      <div
        class="form-container"
      >
        <div
          class="form__group"
        >
          <input
            class="form__input"
            id="name"
            placeholder="Your name"
            type="text"
          />
        </div>
        <span
          class="fas fa-arrow-circle-right"
        />
      </div>
    </div>
  </div>
</DocumentFragment>
`;
