// Jest Snapshot v1, https://goo.gl/fbAQLP

exports[`Hello renders the expected items 1`] = `
<DocumentFragment>
  <div
    class="hello-container"
  >
    <div>
      <div
        class="intro"
      >
        <img
          class="intro-message"
          src="./up-for-a-roadie.png"
        />
      </div>
      <h3>
        WHAT'S YOUR NAME?
      </h3>
      <div
        class="form-container"
      >
        <div
          class="form__group"
        >
          <input
            class="form__input"
            id="name"
            placeholder="Your name"
            type="text"
          />
        </div>
        <span
          class="fas fa-arrow-circle-right"
        />
      </div>
    </div>
  </div>
</DocumentFragment>
`;
