// Jest Snapshot v1, https://goo.gl/fbAQLP

exports[`RoadieForm contains a dropdown 1`] = `
<DocumentFragment>
  <div
    class="App container"
  >
    <div
      class="roadiestart"
    >
      <div
        class="dropdown"
      >
        <button
          aria-expanded="false"
          aria-haspopup="true"
          class="dropdown-toggle btn btn-primary"
          id="dropdown-menu-align-center"
          type="button"
        >
          Choose Roadie Start
        </button>
      </div>
      <h4>
        Your roadie will start in 
      </h4>
    </div>
    <div
      class="roadieend"
    >
      <div
        class="dropdown"
      >
        <button
          aria-expanded="false"
          aria-haspopup="true"
          class="dropdown-toggle btn btn-primary"
          id="dropdown-menu-align-center"
          type="button"
        >
          Choose Roadie End
        </button>
      </div>
      <h4>
        Your roadie will end in 
      </h4>
    </div>
    <div
      class="daysaway"
    >
      <div
        class="dropdown"
      >
        <button
          aria-expanded="false"
          aria-haspopup="true"
          class="dropdown-toggle btn btn-primary"
          id="dropdown-menu-align-center"
          type="button"
        >
          How many days away?
        </button>
      </div>
      <h4>
        Your roadie will start in 
      </h4>
    </div>
    <div
      class="submitbutton"
    >
      <h2>
        aaaand pop it through!
      </h2>
      <button
        class="btn btn-primary"
        type="button"
      >
        Submit
      </button>
    </div>
  </div>
</DocumentFragment>
`;
